
> sprintmatrix@0.1.0 build
> next build

   Γû▓ Next.js 15.3.4
   - Environments: .env.local

   Creating an optimized production build ...
 Γ£ô Compiled successfully in 2000ms
   Linting and checking validity of types ...
node.exe : 
At C:\Program Files\nodejs\npm.ps1:29 char:3
+   & $NODE_EXE $NPM_CLI_JS $args
+   ~~~~~~~~~~~~~~~~~~~~~~~~~~~~~
    + CategoryInfo          : NotSpecified: (:String) [], RemoteException
    + FullyQualifiedErrorId : NativeCommandError
 
Failed to compile.

./app/dashboard/page.tsx
29:3  Error: 'Loader2' is defined but never used.  @typescript-eslint/no-unused-vars
41:40  Error: 'loading' is assigned a value but never used.  
@typescript-eslint/no-unused-vars
131:17  Error: `'` can be escaped with `&apos;`, `&lsquo;`, `&#39;`, `&rsquo;`.  
react/no-unescaped-entities
131:24  Error: `'` can be escaped with `&apos;`, `&lsquo;`, `&#39;`, `&rsquo;`.  
react/no-unescaped-entities

./app/page.tsx
3:10  Error: 'SignInButton' is defined but never used.  
@typescript-eslint/no-unused-vars
23:23  Error: 'user' is assigned a value but never used.  
@typescript-eslint/no-unused-vars

./app/pricing/page.tsx
1:8  Error: 'Navbar' is defined but never used.  @typescript-eslint/no-unused-vars

./app/workspaces/[id]/page.tsx
6:16  Error: 'CardContent' is defined but never used.  
@typescript-eslint/no-unused-vars
27:10  Error: 'Calendar' is defined but never used.  @typescript-eslint/no-unused-vars
51:32  Error: Unexpected any. Specify a different type.  
@typescript-eslint/no-explicit-any

./lib/hooks/useWorkspaces.ts
22:6  Warning: React Hook useEffect has a missing dependency: 'loadWorkspaces'. 
Either include it or remove the dependency array.  react-hooks/exhaustive-deps
76:6  Warning: React Hook useEffect has a missing dependency: 'loadWorkspace'. Either 
include it or remove the dependency array.  react-hooks/exhaustive-deps

./lib/supabase/server.ts
3:10  Error: 'auth' is defined but never used.  @typescript-eslint/no-unused-vars

info  - Need to disable some ESLint rules? Learn more here: 
https://nextjs.org/docs/app/api-reference/config/eslint#disabling-rules
